Ladybird PID file '/Users/wisp/Library/Application Support/Ladybird.pid' exists with PID 6052, but process cannot be found
